Meru मेरु v0.4.3 lite · minic… ● connected
────────────────────────────────────────

  ╭────────────────────────────────────╮
  │ About Meru                         │
  │                                    │
  │ A personal AI assistant that runs  │
  │ entirely on your own computer      │
  │                                    │
  │ version  v0.4.3                    │
  │ license  Apache License 2.0        │
  │ config   ~/.meru/config.toml       │
  │ folder   ~/.meru                   │
  │                                    │
  │ ↓ more                             │
  │                                    │
  │ The models run on this computer,   │
  │ and Meru has no account to sign in │
  │ to.                                │
  ╰────────────────────────────────────╯
╭──────────────────────────────────────╮
│ Ask Meru anything…                   │
╰──────────────────────────────────────╯
↑/↓ scroll · esc/q close …
