Meru मेरु v0.4.3 lite · minicpm5:2b · session 101500-ab12              ● connected
────────────────────────────────────────────────────────────────────────────────

You
  │ Email Sam the garden plan

Meru  tools · 0.82
  ✓ notes.search · 120 ms
  → mail.send
  ╭───────────────────────────────────────────────────╮
  │ Run mail.send?  mcp                               │
  │ {                                                 │
  │   "to": "sam@example.com",                        │
  │   "subject": "Garden plan",                       │
  │   "body": "We sow the tomatoes on 12 April."      │
  │ }                                                 │
  │                                                   │
  │  o once   s this session  [d deny]  e edit first  │
  ╰───────────────────────────────────────────────────╯







╭──────────────────────────────────────────────────────────────────────────────╮
│ Ask Meru anything…                                                           │
╰──────────────────────────────────────────────────────────────────────────────╯
o once · s this session · d deny · e edit first · ←/→ enter choose · ctrl+c stop
