Meru मेरु v0.4.3 lite · minic… ● connected
────────────────────────────────────────

You
  │ Email Sam

Meru  tools · 0.82
  → mail.send
  ╭────────────────────────────────────╮
  │ Run mail.send?  mcp                │
  │ {                                  │
  │   "to": "sam@example.com",         │
  │   "subject": "Garden plan",        │
  │   "body": "We sow the tomatoes on… │
  │ }                                  │
  │                                    │
  │  o once   s this session  [d deny… │
  ╰────────────────────────────────────╯








╭──────────────────────────────────────╮
│ Ask Meru anything…                   │
╰──────────────────────────────────────╯
o once · s this session · d deny …
