Meru मेरु v0.4.3 lite · minicpm5:2b                   scope: my files  ● connected
────────────────────────────────────────────────────────────────────────────────

  Ask a question below. The answer comes from models on this machine.















attached: garden-plan.pdf 2.4 MB · garden-bed.png image 812 KB
╭──────────────────────────────────────────────────────────────────────────────╮
│ Ask Meru anything…                                                           │
╰──────────────────────────────────────────────────────────────────────────────╯
enter send · ctrl+c stop/quit · ↑ recall · pgup/dn scroll · /help commands
