Meru मेरु v0.4.3 lite · minicpm5:2b                                    ● connected
────────────────────────────────────────────────────────────────────────────────

  ╭────────────────────────────────────────────────────────────────────────────╮
  │ Past chats: garden                                                         │
  │                                                                            │
  │ › 2026-09-26 18:44  Summarize the garden notes  (1)                        │
  │                                                                            │
  │ The next question continues the chat you open. /chats <words> lists the    │
  │ chats whose first question holds them.                                     │
  ╰────────────────────────────────────────────────────────────────────────────╯









╭──────────────────────────────────────────────────────────────────────────────╮
│ Ask Meru anything…                                                           │
╰──────────────────────────────────────────────────────────────────────────────╯
↑/↓ move · enter open · esc/q close · ctrl+c stop/quit
