Meru मेरु v0.4.3 lite · minic… ● connected
────────────────────────────────────────

You
  │ Question 1

Meru
  Watch the machine with btop.

  1. Start it:
    btop
    ⧉ copy 1

  2. Or pick a preset:
    btop --preset 1
    ⧉ copy 2


  For a slow link, turn the colours
  down:

    btop --utf-force --low-color --
  update 2000
    ⧉ copy 3
  0.8s to first token · 40.0 tok/s ·
  2.4s




╭──────────────────────────────────────╮
│ Ask Meru anything…                   │
╰──────────────────────────────────────╯
enter send · ctrl+c stop/quit · ↑ recall
