Meru मेरु lite · minicpm5:2b                                           ● connected
────────────────────────────────────────────────────────────────────────────────

  Ask a question below. The answer comes from models on this machine.






















╭──────────────────────────────────────────────────────────────────────────────╮
│ Ask Meru anything…                                                           │
╰──────────────────────────────────────────────────────────────────────────────╯
enter send · ctrl+c stop/quit · ctrl+d quit · ↑ last question · pgup/pgdn scroll
