Meru मेरु v0.4.3 lite · minicpm5:2b                            ● merud not running
────────────────────────────────────────────────────────────────────────────────

You
  │ Hello?

Meru
  ╭───────────────────────────────────────────────────────────────────────╮
  │ error: connect to merud at /home/u/.meru/merud.sock: no such file (is │
  │ merud running?)                                                       │
  ╰───────────────────────────────────────────────────────────────────────╯















╭──────────────────────────────────────────────────────────────────────────────╮
│ Ask Meru anything…                                                           │
╰──────────────────────────────────────────────────────────────────────────────╯
enter send · ctrl+c stop/quit · ↑ recall · pgup/dn scroll · /help commands
