Meru मेरु v0.4.3 lite · minicpm5:2b                                    ● connected
────────────────────────────────────────────────────────────────────────────────

  ╭────────────────────────────────────────────────────────────────────────────╮
  │ Folders                                                                    │
  │                                                                            │
  │ › ~/Notes  812 files                                                       │
  │   ~/Projects/garden  64 files                                              │
  │                                                                            │
  │ Not indexed yet                                                            │
  │   ~/Documents  1000+ files                                                 │
  │   ~/Desktop  12 files                                                      │
  │                                                                            │
  │ Meru searches only these folders, and skips hidden files, build folders    │
  │ and anything that looks like a secret.                                     │
  ╰────────────────────────────────────────────────────────────────────────────╯




╭──────────────────────────────────────────────────────────────────────────────╮
│ Ask Meru anything…                                                           │
╰──────────────────────────────────────────────────────────────────────────────╯
↑/↓ move · enter add · d remove · esc/q close · ctrl+c stop/quit
