Meru मेरु lite · qwen3.6:35b-a3b-mxfp8 · 2637 docs                               qwen-moe  ● connected
────────────────────────────────────────────────────────────────────────────────────────────────────

  Ask a question below. The answer comes from models on this machine.
╭──────────────────────────────────────────────────────────────────────────────────────────────────╮
│ Ask Meru anything…                                                                               │
╰──────────────────────────────────────────────────────────────────────────────────────────────────╯
enter send · ctrl+c stop/quit · ↑ recall · pgup/dn scroll · /new /usage /me /mcp
