Meru मेरु v0.4.3 lite · minicpm5:2b · 2637 docs    ● connected
────────────────────────────────────────────────────────────

  Ask a question below. The answer comes from models on this
╭──────────────────────────────────────────────────────────╮
│ Ask Meru anything…                                       │
╰──────────────────────────────────────────────────────────╯
enter send · ctrl+c stop/quit · ↑ recall · pgup/dn scroll …
