Meru मेरु lite · minicpm5:2b · 2637 docs (11698 vectors, 84 MB)           1h: 4 questions · 18k in · 2.1k out  ● connected
────────────────────────────────────────────────────────────────────────────────────────────────────────────────────────

  Ask a question below. The answer comes from models on this machine.
╭──────────────────────────────────────────────────────────────────────────────────────────────────────────────────────╮
│ Ask Meru anything…                                                                                                   │
╰──────────────────────────────────────────────────────────────────────────────────────────────────────────────────────╯
enter send · ctrl+c stop/quit · ↑ recall · pgup/pgdn scroll · /usage show usage
