Meru मेरु v0.4.3 lite · minic… ● connected
────────────────────────────────────────

You
  │ Where is the plan?

Meru
  Two places to look:

  1. The mail, Gmail link
  mail.google.com/mail/u/0/#inbox…,
  from Monday.
  2. The plan,
  example.com/notes/garden-plan/2…

  Save the plan with:

    curl -O https://example.
  com/notes/garden-plan.pdf
    ⧉ copy 1
  0.8s to first token · 40.0 tok/s ·
  2.4s




╭──────────────────────────────────────╮
│ Ask Meru anything…                   │
╰──────────────────────────────────────╯
enter send · ctrl+c stop/quit · ↑ recall
