Meru मेरु v0.4.3 lite · minicpm5:2b                                    ● connected
────────────────────────────────────────────────────────────────────────────────

  ╭────────────────────────────────────────────────────────────────────────────╮
  │ Connections                                                                │
  │                                                                            │
  │ ↑ more                                                                     │
  │     Edit [[commands]] in config.toml to change these.                      │
  │   Ask         backup                                                       │
  │                                                                            │
  │   Add a connection                                                         │
  │ ›   search · Brave Search · needs an API key                               │
  │     obsidian · Obsidian notes                                              │
  │                                                                            │
  │ Brave Search API key                                                       │
  │ key:                                                                       │
  │                                                                            │
  │ The key goes to merud, which saves it in secrets.toml; it never shows      │
  │ again.                                                                     │
  ╰────────────────────────────────────────────────────────────────────────────╯
╭──────────────────────────────────────────────────────────────────────────────╮
│ Ask Meru anything…                                                           │
╰──────────────────────────────────────────────────────────────────────────────╯
enter save key · esc cancel
