Meru मेरु v0.4.3 lite · minic… ● connected
────────────────────────────────────────

  ╭────────────────────────────────────╮
  │ Connections                        │
  │                                    │
  │   meru · built in · 3 of 3 tools … │
  │ ›   Always asks configure          │
  │     Allow       web_search         │
  │     Ask         write_file         │
  │ ↓ more                             │
  │                                    │
  │ Ask means Meru asks before each    │
  │ call. meru mcp add stdio|http adds │
  │ a server of your own.              │
  ╰────────────────────────────────────╯
╭──────────────────────────────────────╮
│ Ask Meru anything…                   │
╰──────────────────────────────────────╯
↑/↓ move · ←/→ policy · enter add …
