Meru मेरु v0.4.3 lite · minicpm5:2b · 2637 docs                        ● connected
────────────────────────────────────────────────────────────────────────────────

  ╭────────────────────────────────────────────────────────────────────────────╮
  │ About you                                                                  │
  │                                                                            │
  │ me                                                                         │
  │ › Name: Dana Reyes                                                         │
  │   Work: staff engineer on the registry team at Acme, in the platform group │
  │                                                                            │
  │ preferences                                                                │
  │   Answers: short, with bullet points                                       │
  │                                                                            │
  │ /me add <fact> or /me prefer <how you like answers> adds one.              │
  ╰────────────────────────────────────────────────────────────────────────────╯

╭──────────────────────────────────────────────────────────────────────────────╮
│ Ask Meru anything…                                                           │
╰──────────────────────────────────────────────────────────────────────────────╯
↑/↓ move · d forget · esc/q close · ctrl+c stop/quit
