Meru मेरु v0.4.3 lite · minicpm5:2b · session 101500-ab12              ● connected
────────────────────────────────────────────────────────────────────────────────

  ╭────────────────────────────────────────╮
  │ Run write_file?  builtin               │
  │ {                                      │
  │   "path": "notes/2026-09-27-sowing.md" │
  │ }                                      │
  │                                        │
  │  o once   s this session  [d deny]     │
  ╰────────────────────────────────────────╯









╭──────────────────────────────────────────────────────────────────────────────╮
│ Ask Meru anything…                                                           │
╰──────────────────────────────────────────────────────────────────────────────╯
o once · s this session · d deny · ←/→ enter choose · ctrl+c quit
