Meru मेरु v0.4.3 lite · minic… ● connected
────────────────────────────────────────

  ╭────────────────────────────────────╮
  │ Run write_file?  builtin           │
  │ {                                  │
  │   "path": "notes/2026-09-27-sowin… │
  │ }                                  │
  │                                    │
  │  o once   s this session  [d deny] │
  ╰────────────────────────────────────╯









╭──────────────────────────────────────╮
│ Ask Meru anything…                   │
╰──────────────────────────────────────╯
o once · s this session · d deny …
