Meru मेरु v0.4.3 lite · minicpm5:2b                                    ● connected
────────────────────────────────────────────────────────────────────────────────

  ╭────────────────────────────────────────────────────────────────────────────╮
  │ Skills                                                                     │
  │                                                                            │
  │ › on   writing  built in · Write prose people will read                    │
  │   on   garden-planner  Plan beds and sowing dates                          │
  │   off  explainer  built in                                                 │
  │                                                                            │
  │ A skill that is on loads when a question needs it. meru skills show <name> │
  │ prints one.                                                                │
  ╰────────────────────────────────────────────────────────────────────────────╯







╭──────────────────────────────────────────────────────────────────────────────╮
│ Ask Meru anything…                                                           │
╰──────────────────────────────────────────────────────────────────────────────╯
↑/↓ move · enter on/off · esc/q close · ctrl+c stop/quit
