Meru मेरु lite · minicpm5:2b · session 101500-ab12                     ● connected
────────────────────────────────────────────────────────────────────────────────

You
  │ What is the Q3 budget for the garden project?

Meru  search · 0.88
  The Q3 budget for the garden project is 4,200 dollars [1].
  Sources
  [1] ~/notes/garden.md, "Budget", lines 3–5
  0.8s to first token · 40.0 tok/s · 2.4s















╭──────────────────────────────────────────────────────────────────────────────╮
│ Ask Meru anything…                                                           │
╰──────────────────────────────────────────────────────────────────────────────╯
enter send · ctrl+c stop/quit · ↑ recall · pgup/pgdn scroll · /new /usage
