Meru मेरु v0.4.3 lite · minicpm5:2b · session 101500-ab12              ● connected
────────────────────────────────────────────────────────────────────────────────

You
  │ When does the garden project sow tomatoes?

Meru  search · 0.88
  The garden project sows tomatoes on 12 April [1].
  Sources
  [1] ~/notes/garden.md, "Planting", lines 3–5
  0.8s to first token · 40.0 tok/s · 2.4s















╭──────────────────────────────────────────────────────────────────────────────╮
│ Ask Meru anything…                                                           │
╰──────────────────────────────────────────────────────────────────────────────╯
enter send · ctrl+c stop/quit · ↑ recall · pgup/dn scroll · /help commands
