Meru मेरु lite · minicpm5:2b · session 101500-ab12                     ● connected
────────────────────────────────────────────────────────────────────────────────

You
  │ What is Meru?

Meru  direct · 0.91
  Meru is a personal assistant that runs▍


















╭──────────────────────────────────────────────────────────────────────────────╮
│ Ask Meru anything…                                                           │
╰──────────────────────────────────────────────────────────────────────────────╯
enter send · ctrl+c stop/quit · ↑ recall · pgup/dn scroll · /new /usage /me /mcp
