Meru मेरु v0.4.3 lite · minicpm5:2b · session 101500-ab12              ● connected
────────────────────────────────────────────────────────────────────────────────

You
  │ What is Meru?

Meru  direct · 0.91
  Meru is a personal assistant that runs▍


















╭──────────────────────────────────────────────────────────────────────────────╮
│ Ask Meru anything…                                                           │
╰──────────────────────────────────────────────────────────────────────────────╯
enter queue · ctrl+c stop · ↑ recall · pgup/dn scroll · /help commands
