Meru मेरु v0.4.3 lite · minicpm5:2b · session 101500-ab12              ● connected
────────────────────────────────────────────────────────────────────────────────

You
  │ Email Sam the garden plan

Meru  tools · 0.82
  ✓ notes.search · 120 ms
  ✗ mail.send · declined
  I found the plan, tomatoes on 12 April, but didn't send the email.
  0.8s to first token · 40.0 tok/s · 2.4s















╭──────────────────────────────────────────────────────────────────────────────╮
│ Ask Meru anything…                                                           │
╰──────────────────────────────────────────────────────────────────────────────╯
enter send · ctrl+c stop/quit · ↑ recall · pgup/dn scroll · /help commands
