Meru मेरु v0.4.3 lite · minic… ● connected
────────────────────────────────────────

  ╭────────────────────────────────────╮
  │ Usage by model                     │
  │                                    │
  │ MODEL                  TURNS       │
  │ qwen3.6:35b-a3b-mxfp8     41       │
  │ gemma4:26b-mxfp8          38       │
  │ (not recorded)            12       │
  │                                    │
  │ Every answered question, by the    │
  │ model that wrote the answer. CALLS │
  │ counts tool calls, and BAD CALLS   │
  │ the ones Meru couldn't run as the  │
  │ model wrote them. CAPPED counts    │
╭──────────────────────────────────────╮
│ Ask Meru anything…                   │
╰──────────────────────────────────────╯
esc/q close · ctrl+c stop/quit
