Meru मेरु v0.4.3 lite · minic… ● connected
────────────────────────────────────────

  ╭────────────────────────────────────╮
  │ What this answer used              │
  │                                    │
  │ ↑ more                             │
  │                                    │
  │ Tools                              │
  │ ✓ google.search_gmail_messages · … │
  │ ✓ web_fetch · 900 ms               │
  │                                    │
  │ Remembered                         │
  │ › Sam helps with the garden on we… │
  │   The allotment is plot 14         │
  │                                    │
  │ The model ran on this computer.    │
  │ Only google and example.com were   │
  │ contacted.                         │
  ╰────────────────────────────────────╯
╭──────────────────────────────────────╮
│ Ask Meru anything…                   │
╰──────────────────────────────────────╯
↑/↓ move · d forget · esc/q close …
