Meru मेरु v0.4.3 lite · minicpm5:2b                                    ● connected
────────────────────────────────────────────────────────────────────────────────

  ╭────────────────────────────────────────────────────────────────────────────╮
  │ What this answer used                                                      │
  │                                                                            │
  │ ↑ more                                                                     │
  │ [2] ~/Notes/seeds.md                                                       │
  │                                                                            │
  │ Tools                                                                      │
  │ ✓ google.search_gmail_messages · 420 ms                                    │
  │ ✓ web_fetch · 900 ms                                                       │
  │                                                                            │
  │ Remembered                                                                 │
  │ › Sam helps with the garden on weekends                                    │
  │   The allotment is plot 14                                                 │
  │                                                                            │
  │ The model ran on this computer. Only google and example.com were           │
  │ contacted.                                                                 │
  ╰────────────────────────────────────────────────────────────────────────────╯
╭──────────────────────────────────────────────────────────────────────────────╮
│ Ask Meru anything…                                                           │
╰──────────────────────────────────────────────────────────────────────────────╯
↑/↓ move · d forget · esc/q close · ctrl+c stop/quit
