Meru मेरु lite · minicpm5:2b · session 101500-ab12                     ● connected
────────────────────────────────────────────────────────────────────────────────

You
  │ What is Meru?

Meru  direct · 0.91
  ⣾ thinking…


















╭──────────────────────────────────────────────────────────────────────────────╮
│ Ask Meru anything…                                                           │
╰──────────────────────────────────────────────────────────────────────────────╯
enter send · ctrl+c stop/quit · ↑ recall · pgup/pgdn scroll · /new /usage
